INFO:root:Channel name: P-10
INFO:root:Tempo build con circular law: 0h:00m:00s.146ms
INFO:root:Tempo build senza circular law: 0h:32m:20s.435ms
INFO:root:Tempo pre-calcolo, serializzazione e rilettura: 0h:00m:06s.819ms



